// Jest Snapshot v1, https://goo.gl/fbAQLP

exports[`Section Component Snapshot +++capturing Snapshot of Home 1`] = `<section />`;
